xrun(64): 24.03-s005: (c) Copyright 1995-2024 Cadence Design Systems, Inc.
TOOL:	xrun(64)	24.03-s005: Started on Oct 31, 2025 at 17:06:58 EDT
xrun
	-f run.f
		-64
		-uvmhome /opt/cadence/XCELIUM2403/tools/methodology/UVM/CDNS-1.1d/
		-incdir ../sv
		../sv/yapp_pkg.sv
		top.sv
		+UVM_TESTNAME=exhaustive_seq_test
		+UVM_VERBOSITY=UVM_FULL
	-gui
	-access rwc

   User defined plus("+") options:
	+UVM_VERBOSITY=UVM_FULL

Recompiling... reason: file '../sv/yapp_packet.sv' is newer than expected.
	expected: Sat Oct 18 01:26:58 2025
	actual:   Fri Oct 31 17:06:25 2025
Compiling UVM packages (uvm_pkg.sv cdns_uvm_pkg.sv) using uvmhome location /opt/cadence/XCELIUM2403/tools/methodology/UVM/CDNS-1.1d/
file: ../sv/yapp_pkg.sv
package yapp_pkg;
               |
xmvlog: *W,TSNSPK (../sv/yapp_pkg.sv,1|15): `timescale is not specified for the package.  The default timescale of 1ns/1ns will be assumed for this package.
	package worklib.yapp_pkg:sv
		errors: 0, warnings: 1
file: top.sv
	module worklib.top:sv
		errors: 0, warnings: 0
		Caching library 'worklib' ....... Done
	Elaborating the design hierarchy:
	Top level design units:
		uvm_pkg
		cdns_uvmapi
		cdns_assert2uvm_pkg
		cdns_uvm_pkg
		yapp_pkg
		top
	Building instance overlay tables: .................... Done
	Generating native compiled code:
		worklib.top:sv <0x5fb8dfe1>
			streams: 124, words: 83625
		worklib.yapp_pkg:sv <0x02fa4816>
			streams: 605, words: 714013
	Building instance specific data structures.
	Loading native compiled code:     .................... Done
	Design hierarchy summary:
		                        Instances  Unique
		Modules:                        1       1
		Verilog packages:               5       5
		Registers:                 14,281  10,408
		Named events:                   4      12
		Initial blocks:               316     166
		Parallel blocks:               26      27
		Assertions:                     2       2
		SV Class declarations:        210     324
		SV Class specializations:     400     400
	Writing initial simulation snapshot: worklib.top:sv
xmsim: *W,NOMTDGUI: Multi-Threaded Dumping is disabled for interactive debug mode.
SVSEED default: 1

-------------------------------------
Relinquished control to SimVision...
xcelium> 
xcelium> source /opt/cadence/XCELIUM2403/tools/xcelium/files/xmsimrc
xcelium> source /opt/cadence/XCELIUM2403/tools/methodology/UVM/CDNS-1.1d//additions/sv/files/tcl/uvm_sim.tcl
xcelium> run
----------------------------------------------------------------
CDNS-UVM-1.1d (24.03-s005)
(C) 2007-2013 Mentor Graphics Corporation
(C) 2007-2013 Cadence Design Systems, Inc.
(C) 2006-2013 Synopsys, Inc.
(C) 2011-2013 Cypress Semiconductor Corp.
----------------------------------------------------------------

  ***********       IMPORTANT RELEASE NOTES         ************

  You are using a version of the UVM library that has been compiled
  with `UVM_NO_DEPRECATED undefined.
  See http://www.eda.org/svdb/view.php?id=3313 for more details.

  You are using a version of the UVM library that has been compiled
  with `UVM_OBJECT_MUST_HAVE_CONSTRUCTOR undefined.
  See http://www.eda.org/svdb/view.php?id=3770 for more details.

      (Specify +UVM_NO_RELNOTES to turn off this notice)

UVM_INFO @ 0: reporter [RNTST] Running test exhaustive_seq_test...
UVM_INFO router_test_lib.sv(17) @ 0: uvm_test_top [exhaustive_seq_test] Test build phase is being executed

UVM_INFO router_tb.sv(14) @ 0: uvm_test_top.tb [router_tb] Testbench build phase under execution

UVM_INFO @ 0: reporter [UVMTOP] UVM testbench topology:
-----------------------------------------------------------------------
Name                          Type                     Size  Value     
-----------------------------------------------------------------------
uvm_test_top                  exhaustive_seq_test      -     @2656     
  tb                          router_tb                -     @2746     
    uvc                       yapp_env                 -     @2780     
      agent                   yapp_tx_agent            -     @2813     
        driver                yapp_tx_driver           -     @2843     
          rsp_port            uvm_analysis_port        -     @2982     
            recording_detail  integral                 32    'd1       
          seq_item_port       uvm_seq_item_pull_port   -     @2931     
            recording_detail  integral                 32    'd1       
          recording_detail    integral                 32    'd1       
        monitor               yapp_tx_monitor          -     @2848     
          recording_detail    integral                 32    'd1       
        sequencer             yapp_tx_sequencer        -     @2961     
          rsp_export          uvm_analysis_export      -     @3072     
            recording_detail  integral                 32    'd1       
          seq_item_export     uvm_seq_item_pull_imp    -     @3620     
            recording_detail  integral                 32    'd1       
          recording_detail    integral                 32    'd1       
          arbitration_queue   array                    0     -         
          lock_queue          array                    0     -         
          num_last_reqs       integral                 32    'd1       
          num_last_rsps       integral                 32    'd1       
        is_active             uvm_active_passive_enum  1     UVM_ACTIVE
        recording_detail      integral                 32    'd1       
      recording_detail        integral                 32    'd1       
    recording_detail          integral                 32    'd1       
-----------------------------------------------------------------------

UVM_INFO /opt/cadence/XCELIUM2403/tools/methodology/UVM/CDNS-1.1d/sv/src/seq/uvm_sequencer_base.svh(1391) @ 0: uvm_test_top.tb.uvc.agent.sequencer [PHASESEQ] Starting default sequence 'yapp_exhaustive_seq' for phase 'run'
stop -create -name Randomize -randomize
Created stop Randomize

SDI/Verilog Transaction Recording Facility Version 24.03-s005
UVM_INFO ../sv/yapp_tx_monitor.sv(10) @ 0: uvm_test_top.tb.uvc.agent.monitor [yapp_tx_monitor] You are in the monitor
UVM_INFO ../sv/yapp_tx_seqs.sv(37) @ 0: uvm_test_top.tb.uvc.agent.sequencer@@yapp_exhaustive_seq [yapp_exhaustive_seq] raise objection
UVM_INFO ../sv/yapp_tx_seqs.sv(223) @ 0: uvm_test_top.tb.uvc.agent.sequencer@@yapp_exhaustive_seq [yapp_exhaustive_seq] Executing YAPP_EXHAUSTIVE_SEQ
UVM_INFO ../sv/yapp_tx_seqs.sv(103) @ 0: uvm_test_top.tb.uvc.agent.sequencer@@yapp_exhaustive_seq.y1 [yapp_1_seq] Executing yapp_1_seq sequence
UVM_INFO /opt/cadence/XCELIUM2403/tools/methodology/UVM/CDNS-1.1d/sv/src/seq/uvm_sequencer_base.svh(1385) @ 0: uvm_test_top.tb.uvc.agent.sequencer [PHASESEQ] No default phase sequence for phase 'pre_reset'
UVM_INFO ../sv/yapp_tx_driver.sv(20) @ 0: uvm_test_top.tb.uvc.agent.driver [yapp_tx_driver] Packet is 
------------------------------------------------------------------------------------------------------------------
Name                           Type               Size  Value                                                     
------------------------------------------------------------------------------------------------------------------
req                            short_yapp_packet  -     @3703                                                     
  length                       integral           7     'h9                                                       
  addr                         integral           2     'h1                                                       
  payload                      da(integral)       9     -                                                         
    [0]                        integral           8     'h90                                                      
    [1]                        integral           8     'hed                                                      
    [2]                        integral           8     'hb5                                                      
    [3]                        integral           8     'h4                                                       
    [4]                        integral           8     'h9f                                                      
    [5]                        integral           8     'had                                                      
    [6]                        integral           8     'hf3                                                      
    [7]                        integral           8     'hcf                                                      
    [8]                        integral           8     'hd                                                       
  parity                       integral           8     'b11010000                                                
  parity_type                  parity_type_e      1     BAD_PARITY                                                
  packet_delay                 integral           32    'h8                                                       
  begin_time                   time               64    0                                                         
  depth                        int                32    'd3                                                       
  parent sequence (name)       string             2     y1                                                        
  parent sequence (full name)  string             58    uvm_test_top.tb.uvc.agent.sequencer.yapp_exhaustive_seq.y1
  sequencer                    string             35    uvm_test_top.tb.uvc.agent.sequencer                       
------------------------------------------------------------------------------------------------------------------

UVM_INFO /opt/cadence/XCELIUM2403/tools/methodology/UVM/CDNS-1.1d/sv/src/seq/uvm_sequencer_base.svh(1385) @ 0: uvm_test_top.tb.uvc.agent.sequencer [PHASESEQ] No default phase sequence for phase 'reset'
UVM_INFO /opt/cadence/XCELIUM2403/tools/methodology/UVM/CDNS-1.1d/sv/src/seq/uvm_sequencer_base.svh(1385) @ 0: uvm_test_top.tb.uvc.agent.sequencer [PHASESEQ] No default phase sequence for phase 'post_reset'
UVM_INFO /opt/cadence/XCELIUM2403/tools/methodology/UVM/CDNS-1.1d/sv/src/seq/uvm_sequencer_base.svh(1385) @ 0: uvm_test_top.tb.uvc.agent.sequencer [PHASESEQ] No default phase sequence for phase 'pre_configure'
UVM_INFO /opt/cadence/XCELIUM2403/tools/methodology/UVM/CDNS-1.1d/sv/src/seq/uvm_sequencer_base.svh(1385) @ 0: uvm_test_top.tb.uvc.agent.sequencer [PHASESEQ] No default phase sequence for phase 'configure'
UVM_INFO /opt/cadence/XCELIUM2403/tools/methodology/UVM/CDNS-1.1d/sv/src/seq/uvm_sequencer_base.svh(1385) @ 0: uvm_test_top.tb.uvc.agent.sequencer [PHASESEQ] No default phase sequence for phase 'post_configure'
UVM_INFO /opt/cadence/XCELIUM2403/tools/methodology/UVM/CDNS-1.1d/sv/src/seq/uvm_sequencer_base.svh(1385) @ 0: uvm_test_top.tb.uvc.agent.sequencer [PHASESEQ] No default phase sequence for phase 'pre_main'
UVM_INFO /opt/cadence/XCELIUM2403/tools/methodology/UVM/CDNS-1.1d/sv/src/seq/uvm_sequencer_base.svh(1385) @ 0: uvm_test_top.tb.uvc.agent.sequencer [PHASESEQ] No default phase sequence for phase 'main'
UVM_INFO /opt/cadence/XCELIUM2403/tools/methodology/UVM/CDNS-1.1d/sv/src/seq/uvm_sequencer_base.svh(1385) @ 0: uvm_test_top.tb.uvc.agent.sequencer [PHASESEQ] No default phase sequence for phase 'post_main'
UVM_INFO /opt/cadence/XCELIUM2403/tools/methodology/UVM/CDNS-1.1d/sv/src/seq/uvm_sequencer_base.svh(1385) @ 0: uvm_test_top.tb.uvc.agent.sequencer [PHASESEQ] No default phase sequence for phase 'pre_shutdown'
UVM_INFO /opt/cadence/XCELIUM2403/tools/methodology/UVM/CDNS-1.1d/sv/src/seq/uvm_sequencer_base.svh(1385) @ 0: uvm_test_top.tb.uvc.agent.sequencer [PHASESEQ] No default phase sequence for phase 'shutdown'
UVM_INFO /opt/cadence/XCELIUM2403/tools/methodology/UVM/CDNS-1.1d/sv/src/seq/uvm_sequencer_base.svh(1385) @ 0: uvm_test_top.tb.uvc.agent.sequencer [PHASESEQ] No default phase sequence for phase 'post_shutdown'
UVM_INFO ../sv/yapp_tx_seqs.sv(122) @ 10: uvm_test_top.tb.uvc.agent.sequencer@@yapp_exhaustive_seq.y012 [yapp_012_seq] Executing yapp_012_seq sequence
UVM_INFO ../sv/yapp_tx_driver.sv(20) @ 10: uvm_test_top.tb.uvc.agent.driver [yapp_tx_driver] Packet is 
--------------------------------------------------------------------------------------------------------------------
Name                           Type               Size  Value                                                       
--------------------------------------------------------------------------------------------------------------------
req                            short_yapp_packet  -     @3842                                                       
  length                       integral           7     'ha                                                         
  addr                         integral           2     'h0                                                         
  payload                      da(integral)       10    -                                                           
    [0]                        integral           8     'h4b                                                        
    [1]                        integral           8     'h7d                                                        
    [2]                        integral           8     'h5a                                                        
    [3]                        integral           8     'h27                                                        
    [4]                        integral           8     'hb                                                         
    [5]                        integral           8     'hd1                                                        
    [6]                        integral           8     'h4b                                                        
    [7]                        integral           8     'hf1                                                        
    [8]                        integral           8     'h5                                                         
    [9]                        integral           8     'hc8                                                        
  parity                       integral           8     'b11100110                                                  
  parity_type                  parity_type_e      1     GOOD_PARITY                                                 
  packet_delay                 integral           32    'he                                                         
  begin_time                   time               64    10                                                          
  depth                        int                32    'd3                                                         
  parent sequence (name)       string             4     y012                                                        
  parent sequence (full name)  string             60    uvm_test_top.tb.uvc.agent.sequencer.yapp_exhaustive_seq.y012
  sequencer                    string             35    uvm_test_top.tb.uvc.agent.sequencer                         
--------------------------------------------------------------------------------------------------------------------

UVM_INFO ../sv/yapp_tx_driver.sv(20) @ 20: uvm_test_top.tb.uvc.agent.driver [yapp_tx_driver] Packet is 
--------------------------------------------------------------------------------------------------------------------
Name                           Type               Size  Value                                                       
--------------------------------------------------------------------------------------------------------------------
req                            short_yapp_packet  -     @3910                                                       
  length                       integral           7     'h4                                                         
  addr                         integral           2     'h1                                                         
  payload                      da(integral)       4     -                                                           
    [0]                        integral           8     'hbc                                                        
    [1]                        integral           8     'ha8                                                        
    [2]                        integral           8     'hfa                                                        
    [3]                        integral           8     'h57                                                        
  parity                       integral           8     'b10111001                                                  
  parity_type                  parity_type_e      1     GOOD_PARITY                                                 
  packet_delay                 integral           32    'h7                                                         
  begin_time                   time               64    20                                                          
  depth                        int                32    'd3                                                         
  parent sequence (name)       string             4     y012                                                        
  parent sequence (full name)  string             60    uvm_test_top.tb.uvc.agent.sequencer.yapp_exhaustive_seq.y012
  sequencer                    string             35    uvm_test_top.tb.uvc.agent.sequencer                         
--------------------------------------------------------------------------------------------------------------------

UVM_INFO ../sv/yapp_tx_driver.sv(20) @ 30: uvm_test_top.tb.uvc.agent.driver [yapp_tx_driver] Packet is 
--------------------------------------------------------------------------------------------------------------------
Name                           Type               Size  Value                                                       
--------------------------------------------------------------------------------------------------------------------
req                            short_yapp_packet  -     @3867                                                       
  length                       integral           7     'he                                                         
  addr                         integral           2     'h2                                                         
  payload                      da(integral)       14    -                                                           
    [0]                        integral           8     'hb2                                                        
    [1]                        integral           8     'h6c                                                        
    [2]                        integral           8     'h31                                                        
    [3]                        integral           8     'h96                                                        
    [4]                        integral           8     'h9                                                         
    ...                        ...                ...   ...                                                         
    [9]                        integral           8     'h40                                                        
    [10]                       integral           8     'h9b                                                        
    [11]                       integral           8     'hc5                                                        
    [12]                       integral           8     'hfa                                                        
    [13]                       integral           8     'h63                                                        
  parity                       integral           8     'b10001100                                                  
  parity_type                  parity_type_e      1     GOOD_PARITY                                                 
  packet_delay                 integral           32    'h5                                                         
  begin_time                   time               64    30                                                          
  depth                        int                32    'd3                                                         
  parent sequence (name)       string             4     y012                                                        
  parent sequence (full name)  string             60    uvm_test_top.tb.uvc.agent.sequencer.yapp_exhaustive_seq.y012
  sequencer                    string             35    uvm_test_top.tb.uvc.agent.sequencer                         
--------------------------------------------------------------------------------------------------------------------

UVM_INFO ../sv/yapp_tx_seqs.sv(146) @ 40: uvm_test_top.tb.uvc.agent.sequencer@@yapp_exhaustive_seq.y111 [yapp_111_seq] Executing yapp_111_seq sequence
UVM_INFO ../sv/yapp_tx_seqs.sv(103) @ 40: uvm_test_top.tb.uvc.agent.sequencer@@yapp_exhaustive_seq.y111.y1_seq [yapp_1_seq] Executing yapp_1_seq sequence
UVM_INFO ../sv/yapp_tx_driver.sv(20) @ 40: uvm_test_top.tb.uvc.agent.driver [yapp_tx_driver] Packet is 
---------------------------------------------------------------------------------------------------------------------------
Name                           Type               Size  Value                                                              
---------------------------------------------------------------------------------------------------------------------------
req                            short_yapp_packet  -     @3818                                                              
  length                       integral           7     'h9                                                                
  addr                         integral           2     'h1                                                                
  payload                      da(integral)       9     -                                                                  
    [0]                        integral           8     'h66                                                               
    [1]                        integral           8     'h1                                                                
    [2]                        integral           8     'h1b                                                               
    [3]                        integral           8     'h44                                                               
    [4]                        integral           8     'h33                                                               
    [5]                        integral           8     'h14                                                               
    [6]                        integral           8     'hbb                                                               
    [7]                        integral           8     'h57                                                               
    [8]                        integral           8     'h25                                                               
  parity                       integral           8     'b11010110                                                         
  parity_type                  parity_type_e      1     GOOD_PARITY                                                        
  packet_delay                 integral           32    'h12                                                               
  begin_time                   time               64    40                                                                 
  depth                        int                32    'd4                                                                
  parent sequence (name)       string             6     y1_seq                                                             
  parent sequence (full name)  string             67    uvm_test_top.tb.uvc.agent.sequencer.yapp_exhaustive_seq.y111.y1_seq
  sequencer                    string             35    uvm_test_top.tb.uvc.agent.sequencer                                
---------------------------------------------------------------------------------------------------------------------------

UVM_INFO ../sv/yapp_tx_seqs.sv(103) @ 50: uvm_test_top.tb.uvc.agent.sequencer@@yapp_exhaustive_seq.y111.y1_seq [yapp_1_seq] Executing yapp_1_seq sequence
UVM_INFO ../sv/yapp_tx_driver.sv(20) @ 50: uvm_test_top.tb.uvc.agent.driver [yapp_tx_driver] Packet is 
---------------------------------------------------------------------------------------------------------------------------
Name                           Type               Size  Value                                                              
---------------------------------------------------------------------------------------------------------------------------
req                            short_yapp_packet  -     @3928                                                              
  length                       integral           7     'ha                                                                
  addr                         integral           2     'h1                                                                
  payload                      da(integral)       10    -                                                                  
    [0]                        integral           8     'h3e                                                               
    [1]                        integral           8     'h1a                                                               
    [2]                        integral           8     'h19                                                               
    [3]                        integral           8     'hdb                                                               
    [4]                        integral           8     'hde                                                               
    [5]                        integral           8     'h32                                                               
    [6]                        integral           8     'h81                                                               
    [7]                        integral           8     'hf                                                                
    [8]                        integral           8     'h61                                                               
    [9]                        integral           8     'h45                                                               
  parity                       integral           8     'b10100001                                                         
  parity_type                  parity_type_e      1     BAD_PARITY                                                         
  packet_delay                 integral           32    'h8                                                                
  begin_time                   time               64    50                                                                 
  depth                        int                32    'd4                                                                
  parent sequence (name)       string             6     y1_seq                                                             
  parent sequence (full name)  string             67    uvm_test_top.tb.uvc.agent.sequencer.yapp_exhaustive_seq.y111.y1_seq
  sequencer                    string             35    uvm_test_top.tb.uvc.agent.sequencer                                
---------------------------------------------------------------------------------------------------------------------------

UVM_INFO ../sv/yapp_tx_seqs.sv(103) @ 60: uvm_test_top.tb.uvc.agent.sequencer@@yapp_exhaustive_seq.y111.y1_seq [yapp_1_seq] Executing yapp_1_seq sequence
UVM_INFO ../sv/yapp_tx_driver.sv(20) @ 60: uvm_test_top.tb.uvc.agent.driver [yapp_tx_driver] Packet is 
---------------------------------------------------------------------------------------------------------------------------
Name                           Type               Size  Value                                                              
---------------------------------------------------------------------------------------------------------------------------
req                            short_yapp_packet  -     @3788                                                              
  length                       integral           7     'h4                                                                
  addr                         integral           2     'h1                                                                
  payload                      da(integral)       4     -                                                                  
    [0]                        integral           8     'hdd                                                               
    [1]                        integral           8     'hed                                                               
    [2]                        integral           8     'h6b                                                               
    [3]                        integral           8     'hf8                                                               
  parity                       integral           8     'b10100011                                                         
  parity_type                  parity_type_e      1     GOOD_PARITY                                                        
  packet_delay                 integral           32    'h3                                                                
  begin_time                   time               64    60                                                                 
  depth                        int                32    'd4                                                                
  parent sequence (name)       string             6     y1_seq                                                             
  parent sequence (full name)  string             67    uvm_test_top.tb.uvc.agent.sequencer.yapp_exhaustive_seq.y111.y1_seq
  sequencer                    string             35    uvm_test_top.tb.uvc.agent.sequencer                                
---------------------------------------------------------------------------------------------------------------------------

UVM_INFO ../sv/yapp_tx_seqs.sv(170) @ 70: uvm_test_top.tb.uvc.agent.sequencer@@yapp_exhaustive_seq.yrepeat [yapp_repeat_addr_seq] Executing yapp_repeat_addr_seq sequence
UVM_INFO ../sv/yapp_tx_driver.sv(20) @ 70: uvm_test_top.tb.uvc.agent.driver [yapp_tx_driver] Packet is 
-----------------------------------------------------------------------------------------------------------------------
Name                           Type               Size  Value                                                          
-----------------------------------------------------------------------------------------------------------------------
req                            short_yapp_packet  -     @3895                                                          
  length                       integral           7     'hb                                                            
  addr                         integral           2     'h0                                                            
  payload                      da(integral)       11    -                                                              
    [0]                        integral           8     'h17                                                           
    [1]                        integral           8     'haf                                                           
    [2]                        integral           8     'hf8                                                           
    [3]                        integral           8     'hec                                                           
    [4]                        integral           8     'h1f                                                           
    ...                        ...                ...   ...                                                            
    [6]                        integral           8     'hb6                                                           
    [7]                        integral           8     'he9                                                           
    [8]                        integral           8     'hc6                                                           
    [9]                        integral           8     'h65                                                           
    [10]                       integral           8     'hb5                                                           
  parity                       integral           8     'b110101                                                       
  parity_type                  parity_type_e      1     GOOD_PARITY                                                    
  packet_delay                 integral           32    'h13                                                           
  begin_time                   time               64    70                                                             
  depth                        int                32    'd3                                                            
  parent sequence (name)       string             7     yrepeat                                                        
  parent sequence (full name)  string             63    uvm_test_top.tb.uvc.agent.sequencer.yapp_exhaustive_seq.yrepeat
  sequencer                    string             35    uvm_test_top.tb.uvc.agent.sequencer                            
-----------------------------------------------------------------------------------------------------------------------

UVM_INFO ../sv/yapp_tx_driver.sv(20) @ 80: uvm_test_top.tb.uvc.agent.driver [yapp_tx_driver] Packet is 
-----------------------------------------------------------------------------------------------------------------------
Name                           Type               Size  Value                                                          
-----------------------------------------------------------------------------------------------------------------------
req                            short_yapp_packet  -     @3931                                                          
  length                       integral           7     'h4                                                            
  addr                         integral           2     'h0                                                            
  payload                      da(integral)       4     -                                                              
    [0]                        integral           8     'hdf                                                           
    [1]                        integral           8     'hcb                                                           
    [2]                        integral           8     'h7e                                                           
    [3]                        integral           8     'h3f                                                           
  parity                       integral           8     'b1010101                                                      
  parity_type                  parity_type_e      1     GOOD_PARITY                                                    
  packet_delay                 integral           32    'he                                                            
  begin_time                   time               64    80                                                             
  depth                        int                32    'd3                                                            
  parent sequence (name)       string             7     yrepeat                                                        
  parent sequence (full name)  string             63    uvm_test_top.tb.uvc.agent.sequencer.yapp_exhaustive_seq.yrepeat
  sequencer                    string             35    uvm_test_top.tb.uvc.agent.sequencer                            
-----------------------------------------------------------------------------------------------------------------------

UVM_INFO ../sv/yapp_tx_seqs.sv(191) @ 90: uvm_test_top.tb.uvc.agent.sequencer@@yapp_exhaustive_seq.yinc [yapp_incr_payload_seq] Executing YAPP_INCR_PAYLOAD_SEQ
UVM_INFO ../sv/yapp_tx_driver.sv(20) @ 90: uvm_test_top.tb.uvc.agent.driver [yapp_tx_driver] Packet is 
--------------------------------------------------------------------------------------------------------------------
Name                           Type               Size  Value                                                       
--------------------------------------------------------------------------------------------------------------------
req                            short_yapp_packet  -     @3954                                                       
  length                       integral           7     'h6                                                         
  addr                         integral           2     'h1                                                         
  payload                      da(integral)       6     -                                                           
    [0]                        integral           8     'h0                                                         
    [1]                        integral           8     'h1                                                         
    [2]                        integral           8     'h2                                                         
    [3]                        integral           8     'h3                                                         
    [4]                        integral           8     'h4                                                         
    [5]                        integral           8     'h5                                                         
  parity                       integral           8     'b1                                                         
  parity_type                  parity_type_e      1     GOOD_PARITY                                                 
  packet_delay                 integral           32    'hf                                                         
  begin_time                   time               64    90                                                          
  depth                        int                32    'd3                                                         
  parent sequence (name)       string             4     yinc                                                        
  parent sequence (full name)  string             60    uvm_test_top.tb.uvc.agent.sequencer.yapp_exhaustive_seq.yinc
  sequencer                    string             35    uvm_test_top.tb.uvc.agent.sequencer                         
--------------------------------------------------------------------------------------------------------------------

UVM_INFO ../sv/yapp_tx_seqs.sv(51) @ 100: uvm_test_top.tb.uvc.agent.sequencer@@yapp_exhaustive_seq [yapp_exhaustive_seq] drop objection
UVM_INFO /opt/cadence/XCELIUM2403/tools/methodology/UVM/CDNS-1.1d/sv/src/base/uvm_objection.svh(1245) @ 100: reporter [TEST_DONE] All end-of-test objections have been dropped. Calling stop tasks
UVM_INFO /opt/cadence/XCELIUM2403/tools/methodology/UVM/CDNS-1.1d/sv/src/base/uvm_objection.svh(1268) @ 100: reporter [TEST_DONE] 'run' phase is ready to proceed to the 'extract' phase

--- UVM Report catcher Summary ---


Number of demoted UVM_FATAL reports  :    0
Number of demoted UVM_ERROR reports  :    0
Number of demoted UVM_WARNING reports:    0
Number of caught UVM_FATAL reports   :    0
Number of caught UVM_ERROR reports   :    0
Number of caught UVM_WARNING reports :    0

--- UVM Report Summary ---

** Report counts by severity
UVM_INFO :   41
UVM_WARNING :    0
UVM_ERROR :    0
UVM_FATAL :    0
** Report counts by id
[PHASESEQ]    13
[RNTST]     1
[TEST_DONE]     2
[UVMTOP]     1
[exhaustive_seq_test]     1
[router_tb]     1
[yapp_012_seq]     1
[yapp_111_seq]     1
[yapp_1_seq]     4
[yapp_exhaustive_seq]     3
[yapp_incr_payload_seq]     1
[yapp_repeat_addr_seq]     1
[yapp_tx_driver]    10
[yapp_tx_monitor]     1
Simulation complete via $finish(1) at time 100 NS + 53
/opt/cadence/XCELIUM2403/tools/methodology/UVM/CDNS-1.1d/sv/src/base/uvm_root.svh:457     $finish;
xcelium> ^C
xcelium> exit
TOOL:	xrun(64)	24.03-s005: Exiting on Oct 31, 2025 at 17:10:37 EDT  (total: 00:03:39)
