xrun(64): 24.03-s005: (c) Copyright 1995-2024 Cadence Design Systems, Inc.
TOOL:	xrun(64)	24.03-s005: Started on Oct 13, 2025 at 01:29:28 EDT
xrun
	-f run.f
		-64
		-uvmhome /opt/cadence/XCELIUM2403/tools/methodology/UVM/CDNS-1.1d/
		-incdir ../sv
		../sv/yapp_pkg.sv
		top.sv
		+UVM_TESTNAME=short_packet_test
		+UVM_VERBOSITY=UVM_LOW

   User defined plus("+") options:
	+UVM_VERBOSITY=UVM_LOW

Loading snapshot worklib.top:sv .................... Done
SVSEED default: 1
xcelium> source /opt/cadence/XCELIUM2403/tools/xcelium/files/xmsimrc
xcelium> source /opt/cadence/XCELIUM2403/tools/methodology/UVM/CDNS-1.1d//additions/sv/files/tcl/uvm_sim.tcl
xcelium> run
----------------------------------------------------------------
CDNS-UVM-1.1d (24.03-s005)
(C) 2007-2013 Mentor Graphics Corporation
(C) 2007-2013 Cadence Design Systems, Inc.
(C) 2006-2013 Synopsys, Inc.
(C) 2011-2013 Cypress Semiconductor Corp.
----------------------------------------------------------------

  ***********       IMPORTANT RELEASE NOTES         ************

  You are using a version of the UVM library that has been compiled
  with `UVM_NO_DEPRECATED undefined.
  See http://www.eda.org/svdb/view.php?id=3313 for more details.

  You are using a version of the UVM library that has been compiled
  with `UVM_OBJECT_MUST_HAVE_CONSTRUCTOR undefined.
  See http://www.eda.org/svdb/view.php?id=3770 for more details.

      (Specify +UVM_NO_RELNOTES to turn off this notice)

UVM_INFO @ 0: reporter [RNTST] Running test short_packet_test...
UVM_INFO @ 0: reporter [UVMTOP] UVM testbench topology:
-----------------------------------------------------------------------
Name                          Type                     Size  Value     
-----------------------------------------------------------------------
uvm_test_top                  short_packet_test        -     @2586     
  tb                          router_tb                -     @2674     
    uvc                       yapp_env                 -     @2707     
      agent                   yapp_tx_agent            -     @2738     
        driver                yapp_tx_driver           -     @2768     
          rsp_port            uvm_analysis_port        -     @2907     
            recording_detail  integral                 32    'd1       
          seq_item_port       uvm_seq_item_pull_port   -     @2856     
            recording_detail  integral                 32    'd1       
          recording_detail    integral                 32    'd1       
        monitor               yapp_tx_monitor          -     @2770     
          recording_detail    integral                 32    'd1       
        sequencer             yapp_tx_sequencer        -     @2886     
          rsp_export          uvm_analysis_export      -     @2997     
            recording_detail  integral                 32    'd1       
          seq_item_export     uvm_seq_item_pull_imp    -     @3545     
            recording_detail  integral                 32    'd1       
          recording_detail    integral                 32    'd1       
          arbitration_queue   array                    0     -         
          lock_queue          array                    0     -         
          num_last_reqs       integral                 32    'd1       
          num_last_rsps       integral                 32    'd1       
        is_active             uvm_active_passive_enum  1     UVM_ACTIVE
        recording_detail      integral                 32    'd1       
      recording_detail        integral                 32    'd1       
    recording_detail          integral                 32    'd1       
-----------------------------------------------------------------------

SDI/Verilog Transaction Recording Facility Version 24.03-s005
UVM_INFO ../sv/yapp_tx_monitor.sv(10) @ 0: uvm_test_top.tb.uvc.agent.monitor [yapp_tx_monitor] You are in the monitor
UVM_INFO ../sv/yapp_tx_seqs.sv(81) @ 0: uvm_test_top.tb.uvc.agent.sequencer@@yapp_5_packets [yapp_5_packets] Executing yapp_5_packets sequence
UVM_INFO ../sv/yapp_tx_driver.sv(20) @ 0: uvm_test_top.tb.uvc.agent.driver [yapp_tx_driver] Packet is 
----------------------------------------------------------------------------------------------------------
Name                           Type               Size  Value                                             
----------------------------------------------------------------------------------------------------------
req                            short_yapp_packet  -     @3662                                             
  length                       integral           7     'h3                                               
  addr                         integral           2     'h1                                               
  payload                      da(integral)       3     -                                                 
    [0]                        integral           8     'he5                                              
    [1]                        integral           8     'he3                                              
    [2]                        integral           8     'h71                                              
  parity                       integral           8     'b1110111                                         
  parity_type                  parity_type_e      1     GOOD_PARITY                                       
  packet_delay                 integral           32    'h8                                               
  begin_time                   time               64    0                                                 
  depth                        int                32    'd2                                               
  parent sequence (name)       string             14    yapp_5_packets                                    
  parent sequence (full name)  string             50    uvm_test_top.tb.uvc.agent.sequencer.yapp_5_packets
  sequencer                    string             35    uvm_test_top.tb.uvc.agent.sequencer               
----------------------------------------------------------------------------------------------------------

UVM_INFO ../sv/yapp_tx_driver.sv(20) @ 10: uvm_test_top.tb.uvc.agent.driver [yapp_tx_driver] Packet is 
----------------------------------------------------------------------------------------------------------
Name                           Type               Size  Value                                             
----------------------------------------------------------------------------------------------------------
req                            short_yapp_packet  -     @3676                                             
  length                       integral           7     'h1                                               
  addr                         integral           2     'h0                                               
  payload                      da(integral)       1     -                                                 
    [0]                        integral           8     'h6b                                              
  parity                       integral           8     'b1101011                                         
  parity_type                  parity_type_e      1     GOOD_PARITY                                       
  packet_delay                 integral           32    'h10                                              
  begin_time                   time               64    10                                                
  depth                        int                32    'd2                                               
  parent sequence (name)       string             14    yapp_5_packets                                    
  parent sequence (full name)  string             50    uvm_test_top.tb.uvc.agent.sequencer.yapp_5_packets
  sequencer                    string             35    uvm_test_top.tb.uvc.agent.sequencer               
----------------------------------------------------------------------------------------------------------

UVM_INFO ../sv/yapp_tx_driver.sv(20) @ 20: uvm_test_top.tb.uvc.agent.driver [yapp_tx_driver] Packet is 
----------------------------------------------------------------------------------------------------------
Name                           Type               Size  Value                                             
----------------------------------------------------------------------------------------------------------
req                            short_yapp_packet  -     @3757                                             
  length                       integral           7     'h8                                               
  addr                         integral           2     'h1                                               
  payload                      da(integral)       8     -                                                 
    [0]                        integral           8     'h18                                              
    [1]                        integral           8     'hbc                                              
    [2]                        integral           8     'h51                                              
    [3]                        integral           8     'h6f                                              
    [4]                        integral           8     'hd3                                              
    [5]                        integral           8     'h1b                                              
    [6]                        integral           8     'hb0                                              
    [7]                        integral           8     'h19                                              
  parity                       integral           8     'b11111011                                        
  parity_type                  parity_type_e      1     GOOD_PARITY                                       
  packet_delay                 integral           32    'hf                                               
  begin_time                   time               64    20                                                
  depth                        int                32    'd2                                               
  parent sequence (name)       string             14    yapp_5_packets                                    
  parent sequence (full name)  string             50    uvm_test_top.tb.uvc.agent.sequencer.yapp_5_packets
  sequencer                    string             35    uvm_test_top.tb.uvc.agent.sequencer               
----------------------------------------------------------------------------------------------------------

UVM_INFO ../sv/yapp_tx_driver.sv(20) @ 30: uvm_test_top.tb.uvc.agent.driver [yapp_tx_driver] Packet is 
----------------------------------------------------------------------------------------------------------
Name                           Type               Size  Value                                             
----------------------------------------------------------------------------------------------------------
req                            short_yapp_packet  -     @3785                                             
  length                       integral           7     'hb                                               
  addr                         integral           2     'h0                                               
  payload                      da(integral)       11    -                                                 
    [0]                        integral           8     'h58                                              
    [1]                        integral           8     'h3b                                              
    [2]                        integral           8     'hc1                                              
    [3]                        integral           8     'h8c                                              
    [4]                        integral           8     'hed                                              
    ...                        ...                ...   ...                                               
    [6]                        integral           8     'h20                                              
    [7]                        integral           8     'h24                                              
    [8]                        integral           8     'hc4                                              
    [9]                        integral           8     'hac                                              
    [10]                       integral           8     'h57                                              
  parity                       integral           8     'b1101010                                         
  parity_type                  parity_type_e      1     GOOD_PARITY                                       
  packet_delay                 integral           32    'h7                                               
  begin_time                   time               64    30                                                
  depth                        int                32    'd2                                               
  parent sequence (name)       string             14    yapp_5_packets                                    
  parent sequence (full name)  string             50    uvm_test_top.tb.uvc.agent.sequencer.yapp_5_packets
  sequencer                    string             35    uvm_test_top.tb.uvc.agent.sequencer               
----------------------------------------------------------------------------------------------------------

UVM_INFO ../sv/yapp_tx_driver.sv(20) @ 40: uvm_test_top.tb.uvc.agent.driver [yapp_tx_driver] Packet is 
----------------------------------------------------------------------------------------------------------
Name                           Type               Size  Value                                             
----------------------------------------------------------------------------------------------------------
req                            short_yapp_packet  -     @3796                                             
  length                       integral           7     'h5                                               
  addr                         integral           2     'h1                                               
  payload                      da(integral)       5     -                                                 
    [0]                        integral           8     'h2c                                              
    [1]                        integral           8     'hbd                                              
    [2]                        integral           8     'h7b                                              
    [3]                        integral           8     'hd1                                              
    [4]                        integral           8     'ha0                                              
  parity                       integral           8     'b10011011                                        
  parity_type                  parity_type_e      1     GOOD_PARITY                                       
  packet_delay                 integral           32    'h11                                              
  begin_time                   time               64    40                                                
  depth                        int                32    'd2                                               
  parent sequence (name)       string             14    yapp_5_packets                                    
  parent sequence (full name)  string             50    uvm_test_top.tb.uvc.agent.sequencer.yapp_5_packets
  sequencer                    string             35    uvm_test_top.tb.uvc.agent.sequencer               
----------------------------------------------------------------------------------------------------------

UVM_INFO /opt/cadence/XCELIUM2403/tools/methodology/UVM/CDNS-1.1d/sv/src/base/uvm_objection.svh(1268) @ 50: reporter [TEST_DONE] 'run' phase is ready to proceed to the 'extract' phase

--- UVM Report catcher Summary ---


Number of demoted UVM_FATAL reports  :    0
Number of demoted UVM_ERROR reports  :    0
Number of demoted UVM_WARNING reports:    0
Number of caught UVM_FATAL reports   :    0
Number of caught UVM_ERROR reports   :    0
Number of caught UVM_WARNING reports :    0

--- UVM Report Summary ---

** Report counts by severity
UVM_INFO :   10
UVM_WARNING :    0
UVM_ERROR :    0
UVM_FATAL :    0
** Report counts by id
[RNTST]     1
[TEST_DONE]     1
[UVMTOP]     1
[yapp_5_packets]     1
[yapp_tx_driver]     5
[yapp_tx_monitor]     1
Simulation complete via $finish(1) at time 50 NS + 49
/opt/cadence/XCELIUM2403/tools/methodology/UVM/CDNS-1.1d/sv/src/base/uvm_root.svh:457     $finish;
xcelium> exit
TOOL:	xrun(64)	24.03-s005: Exiting on Oct 13, 2025 at 01:29:29 EDT  (total: 00:00:01)
